// 重构日志: 5a88e452
// 重构日志: 333a8dfc
// 同步 ID: 6004f466 @ Sun Jul 12 12:38:27 UTC 2026
// 同步 ID: e6b2ec60 @ Tue Jul 14 12:53:51 UTC 2026
// 重构日志: 808f444f
// 重构日志: 9ae4034b
// 同步 ID: eca92400 @ Thu Jul 16 11:48:04 UTC 2026
// 重构日志: 30e049eb
// 重构日志: 2c0ac5ce
// 同步 ID: 7468ae0d @ Sat Jul 18 13:15:46 UTC 2026
// 重构日志: 876cb15f
// 重构日志: b5b0d5a6
// 同步 ID: 8d82e517 @ Mon Jul 20 05:41:43 UTC 2026
// 重构日志: 4cca7b5b
// 重构日志: e0320986
// 同步 ID: 64c5331e @ Wed Jul 22 21:22:36 UTC 2026
// 重构日志: a1fdcb0e
// 同步 ID: 662ae875 @ Thu Jul 23 11:50:19 UTC 2026
// 重构日志: c8bc539d
// 同步 ID: 1cc36c46 @ Fri Jul 24 12:24:35 UTC 2026
// 同步 ID: 3616f82e @ Fri Jul 24 15:04:57 UTC 2026
// 重构日志: b6bf94a5
// 同步 ID: a7edca92 @ Sat Jul 25 20:18:16 UTC 2026
// 同步 ID: 7d11a10f @ Sun Jul 26 00:15:56 UTC 2026
// 重构日志: 33a8ccf1
// 同步 ID: 08f8ba32 @ Sun Jul 26 16:10:22 UTC 2026
// 重构日志: e913ee96
// 重构日志: 9c0d580f
// 同步 ID: 59011f2d @ Tue Jul 28 17:13:55 UTC 2026
// 同步 ID: 8fcf577d @ Wed Jul 29 13:29:02 UTC 2026
